<!doctype html public "-//w3c//dtd html 4.0 transitional//en">
<html><head>
<title>Static Call Graph - [.\Objects\mppt_controller.axf]</title></head>
<body><HR>
<H1>Static Call Graph for image .\Objects\mppt_controller.axf</H1><HR>
<BR><P>#&#060CALLGRAPH&#062# ARM Linker, 5060750: Last Updated: Wed Jun 17 23:50:11 2020
<BR><P>
<H3>Maximum Stack Usage =         32 bytes + Unknown(Functions without stacksize, Cycles, Untraceable Function Pointers)</H3><H3>
Call chain for Maximum Stack Depth:</H3>
__rt_entry_main &rArr; main &rArr; GPIO_Init
<P>
<H3>
Functions with no stack information
</H3><UL>
 <LI><a href="#[42]">__user_initial_stackheap</a>
</UL>
</UL>
<P>
<H3>
Mutually Recursive functions
</H3> <LI><a href="#[3]">NMI_Handler</a>&nbsp;&nbsp;&nbsp;&rArr;&nbsp;&nbsp;&nbsp;<a href="#[3]">NMI_Handler</a><BR>
 <LI><a href="#[4]">HardFault_Handler</a>&nbsp;&nbsp;&nbsp;&rArr;&nbsp;&nbsp;&nbsp;<a href="#[4]">HardFault_Handler</a><BR>
 <LI><a href="#[5]">MemManage_Handler</a>&nbsp;&nbsp;&nbsp;&rArr;&nbsp;&nbsp;&nbsp;<a href="#[5]">MemManage_Handler</a><BR>
 <LI><a href="#[6]">BusFault_Handler</a>&nbsp;&nbsp;&nbsp;&rArr;&nbsp;&nbsp;&nbsp;<a href="#[6]">BusFault_Handler</a><BR>
 <LI><a href="#[7]">UsageFault_Handler</a>&nbsp;&nbsp;&nbsp;&rArr;&nbsp;&nbsp;&nbsp;<a href="#[7]">UsageFault_Handler</a><BR>
 <LI><a href="#[8]">SVC_Handler</a>&nbsp;&nbsp;&nbsp;&rArr;&nbsp;&nbsp;&nbsp;<a href="#[8]">SVC_Handler</a><BR>
 <LI><a href="#[9]">DebugMon_Handler</a>&nbsp;&nbsp;&nbsp;&rArr;&nbsp;&nbsp;&nbsp;<a href="#[9]">DebugMon_Handler</a><BR>
 <LI><a href="#[a]">PendSV_Handler</a>&nbsp;&nbsp;&nbsp;&rArr;&nbsp;&nbsp;&nbsp;<a href="#[a]">PendSV_Handler</a><BR>
 <LI><a href="#[b]">SysTick_Handler</a>&nbsp;&nbsp;&nbsp;&rArr;&nbsp;&nbsp;&nbsp;<a href="#[b]">SysTick_Handler</a><BR>
 <LI><a href="#[1e]">ADC1_2_IRQHandler</a>&nbsp;&nbsp;&nbsp;&rArr;&nbsp;&nbsp;&nbsp;<a href="#[1e]">ADC1_2_IRQHandler</a><BR>
</UL>
<P>
<H3>
Function Pointers
</H3><UL>
 <LI><a href="#[1e]">ADC1_2_IRQHandler</a> from startup_stm32f334x8.o(.text) referenced from startup_stm32f334x8.o(RESET)
 <LI><a href="#[6]">BusFault_Handler</a> from startup_stm32f334x8.o(.text) referenced from startup_stm32f334x8.o(RESET)
 <LI><a href="#[20]">CAN1_RX0_IRQHandler</a> from startup_stm32f334x8.o(.text) referenced from startup_stm32f334x8.o(RESET)
 <LI><a href="#[21]">CAN1_RX1_IRQHandler</a> from startup_stm32f334x8.o(.text) referenced from startup_stm32f334x8.o(RESET)
 <LI><a href="#[22]">CAN1_SCE_IRQHandler</a> from startup_stm32f334x8.o(.text) referenced from startup_stm32f334x8.o(RESET)
 <LI><a href="#[1f]">CAN1_TX_IRQHandler</a> from startup_stm32f334x8.o(.text) referenced from startup_stm32f334x8.o(RESET)
 <LI><a href="#[34]">COMP2_IRQHandler</a> from startup_stm32f334x8.o(.text) referenced from startup_stm32f334x8.o(RESET)
 <LI><a href="#[35]">COMP4_6_IRQHandler</a> from startup_stm32f334x8.o(.text) referenced from startup_stm32f334x8.o(RESET)
 <LI><a href="#[17]">DMA1_Channel1_IRQHandler</a> from startup_stm32f334x8.o(.text) referenced from startup_stm32f334x8.o(RESET)
 <LI><a href="#[18]">DMA1_Channel2_IRQHandler</a> from startup_stm32f334x8.o(.text) referenced from startup_stm32f334x8.o(RESET)
 <LI><a href="#[19]">DMA1_Channel3_IRQHandler</a> from startup_stm32f334x8.o(.text) referenced from startup_stm32f334x8.o(RESET)
 <LI><a href="#[1a]">DMA1_Channel4_IRQHandler</a> from startup_stm32f334x8.o(.text) referenced from startup_stm32f334x8.o(RESET)
 <LI><a href="#[1b]">DMA1_Channel5_IRQHandler</a> from startup_stm32f334x8.o(.text) referenced from startup_stm32f334x8.o(RESET)
 <LI><a href="#[1c]">DMA1_Channel6_IRQHandler</a> from startup_stm32f334x8.o(.text) referenced from startup_stm32f334x8.o(RESET)
 <LI><a href="#[1d]">DMA1_Channel7_IRQHandler</a> from startup_stm32f334x8.o(.text) referenced from startup_stm32f334x8.o(RESET)
 <LI><a href="#[9]">DebugMon_Handler</a> from startup_stm32f334x8.o(.text) referenced from startup_stm32f334x8.o(RESET)
 <LI><a href="#[12]">EXTI0_IRQHandler</a> from startup_stm32f334x8.o(.text) referenced from startup_stm32f334x8.o(RESET)
 <LI><a href="#[30]">EXTI15_10_IRQHandler</a> from startup_stm32f334x8.o(.text) referenced from startup_stm32f334x8.o(RESET)
 <LI><a href="#[13]">EXTI1_IRQHandler</a> from startup_stm32f334x8.o(.text) referenced from startup_stm32f334x8.o(RESET)
 <LI><a href="#[14]">EXTI2_TS_IRQHandler</a> from startup_stm32f334x8.o(.text) referenced from startup_stm32f334x8.o(RESET)
 <LI><a href="#[15]">EXTI3_IRQHandler</a> from startup_stm32f334x8.o(.text) referenced from startup_stm32f334x8.o(RESET)
 <LI><a href="#[16]">EXTI4_IRQHandler</a> from startup_stm32f334x8.o(.text) referenced from startup_stm32f334x8.o(RESET)
 <LI><a href="#[23]">EXTI9_5_IRQHandler</a> from startup_stm32f334x8.o(.text) referenced from startup_stm32f334x8.o(RESET)
 <LI><a href="#[10]">FLASH_IRQHandler</a> from startup_stm32f334x8.o(.text) referenced from startup_stm32f334x8.o(RESET)
 <LI><a href="#[3d]">FPU_IRQHandler</a> from startup_stm32f334x8.o(.text) referenced from startup_stm32f334x8.o(RESET)
 <LI><a href="#[3c]">HRTIM1_FLT_IRQHandler</a> from startup_stm32f334x8.o(.text) referenced from startup_stm32f334x8.o(RESET)
 <LI><a href="#[36]">HRTIM1_Master_IRQHandler</a> from startup_stm32f334x8.o(.text) referenced from startup_stm32f334x8.o(RESET)
 <LI><a href="#[37]">HRTIM1_TIMA_IRQHandler</a> from startup_stm32f334x8.o(.text) referenced from startup_stm32f334x8.o(RESET)
 <LI><a href="#[38]">HRTIM1_TIMB_IRQHandler</a> from startup_stm32f334x8.o(.text) referenced from startup_stm32f334x8.o(RESET)
 <LI><a href="#[39]">HRTIM1_TIMC_IRQHandler</a> from startup_stm32f334x8.o(.text) referenced from startup_stm32f334x8.o(RESET)
 <LI><a href="#[3a]">HRTIM1_TIMD_IRQHandler</a> from startup_stm32f334x8.o(.text) referenced from startup_stm32f334x8.o(RESET)
 <LI><a href="#[3b]">HRTIM1_TIME_IRQHandler</a> from startup_stm32f334x8.o(.text) referenced from startup_stm32f334x8.o(RESET)
 <LI><a href="#[4]">HardFault_Handler</a> from startup_stm32f334x8.o(.text) referenced from startup_stm32f334x8.o(RESET)
 <LI><a href="#[2b]">I2C1_ER_IRQHandler</a> from startup_stm32f334x8.o(.text) referenced from startup_stm32f334x8.o(RESET)
 <LI><a href="#[2a]">I2C1_EV_IRQHandler</a> from startup_stm32f334x8.o(.text) referenced from startup_stm32f334x8.o(RESET)
 <LI><a href="#[5]">MemManage_Handler</a> from startup_stm32f334x8.o(.text) referenced from startup_stm32f334x8.o(RESET)
 <LI><a href="#[3]">NMI_Handler</a> from startup_stm32f334x8.o(.text) referenced from startup_stm32f334x8.o(RESET)
 <LI><a href="#[d]">PVD_IRQHandler</a> from startup_stm32f334x8.o(.text) referenced from startup_stm32f334x8.o(RESET)
 <LI><a href="#[a]">PendSV_Handler</a> from startup_stm32f334x8.o(.text) referenced from startup_stm32f334x8.o(RESET)
 <LI><a href="#[11]">RCC_IRQHandler</a> from startup_stm32f334x8.o(.text) referenced from startup_stm32f334x8.o(RESET)
 <LI><a href="#[31]">RTC_Alarm_IRQHandler</a> from startup_stm32f334x8.o(.text) referenced from startup_stm32f334x8.o(RESET)
 <LI><a href="#[f]">RTC_WKUP_IRQHandler</a> from startup_stm32f334x8.o(.text) referenced from startup_stm32f334x8.o(RESET)
 <LI><a href="#[40]">Reset_Handler</a> from startup_stm32f334x8.o(.text) referenced from startup_stm32f334x8.o(RESET)
 <LI><a href="#[2c]">SPI1_IRQHandler</a> from startup_stm32f334x8.o(.text) referenced from startup_stm32f334x8.o(RESET)
 <LI><a href="#[8]">SVC_Handler</a> from startup_stm32f334x8.o(.text) referenced from startup_stm32f334x8.o(RESET)
 <LI><a href="#[b]">SysTick_Handler</a> from startup_stm32f334x8.o(.text) referenced from startup_stm32f334x8.o(RESET)
 <LI><a href="#[3e]">SystemInit</a> from system_stm32f30x.o(i.SystemInit) referenced from startup_stm32f334x8.o(.text)
 <LI><a href="#[e]">TAMPER_STAMP_IRQHandler</a> from startup_stm32f334x8.o(.text) referenced from startup_stm32f334x8.o(RESET)
 <LI><a href="#[24]">TIM1_BRK_TIM15_IRQHandler</a> from startup_stm32f334x8.o(.text) referenced from startup_stm32f334x8.o(RESET)
 <LI><a href="#[27]">TIM1_CC_IRQHandler</a> from startup_stm32f334x8.o(.text) referenced from startup_stm32f334x8.o(RESET)
 <LI><a href="#[26]">TIM1_TRG_COM_TIM17_IRQHandler</a> from startup_stm32f334x8.o(.text) referenced from startup_stm32f334x8.o(RESET)
 <LI><a href="#[25]">TIM1_UP_TIM16_IRQHandler</a> from startup_stm32f334x8.o(.text) referenced from startup_stm32f334x8.o(RESET)
 <LI><a href="#[28]">TIM2_IRQHandler</a> from startup_stm32f334x8.o(.text) referenced from startup_stm32f334x8.o(RESET)
 <LI><a href="#[29]">TIM3_IRQHandler</a> from startup_stm32f334x8.o(.text) referenced from startup_stm32f334x8.o(RESET)
 <LI><a href="#[32]">TIM6_DAC1_IRQHandler</a> from startup_stm32f334x8.o(.text) referenced from startup_stm32f334x8.o(RESET)
 <LI><a href="#[33]">TIM7_DAC2_IRQHandler</a> from startup_stm32f334x8.o(.text) referenced from startup_stm32f334x8.o(RESET)
 <LI><a href="#[2d]">USART1_IRQHandler</a> from startup_stm32f334x8.o(.text) referenced from startup_stm32f334x8.o(RESET)
 <LI><a href="#[2e]">USART2_IRQHandler</a> from startup_stm32f334x8.o(.text) referenced from startup_stm32f334x8.o(RESET)
 <LI><a href="#[2f]">USART3_IRQHandler</a> from startup_stm32f334x8.o(.text) referenced from startup_stm32f334x8.o(RESET)
 <LI><a href="#[7]">UsageFault_Handler</a> from startup_stm32f334x8.o(.text) referenced from startup_stm32f334x8.o(RESET)
 <LI><a href="#[c]">WWDG_IRQHandler</a> from startup_stm32f334x8.o(.text) referenced from startup_stm32f334x8.o(RESET)
 <LI><a href="#[41]">__main</a> from __main.o(!!!main) referenced from startup_stm32f334x8.o(.text)
</UL>
<P>
<H3>
Global Symbols
</H3>
<P><STRONG><a name="[41]"></a>__main</STRONG> (Thumb, 8 bytes, Stack size 0 bytes, __main.o(!!!main))
<BR><BR>[Calls]<UL><LI><a href="#[43]">&gt;&gt;</a>&nbsp;&nbsp;&nbsp;__scatterload
<LI><a href="#[44]">&gt;&gt;</a>&nbsp;&nbsp;&nbsp;__rt_entry
</UL>

<P><STRONG><a name="[43]"></a>__scatterload</STRONG> (Thumb, 0 bytes, Stack size unknown bytes, __scatter.o(!!!scatter))
<BR><BR>[Called By]<UL><LI><a href="#[41]">&gt;&gt;</a>&nbsp;&nbsp;&nbsp;__main
</UL>

<P><STRONG><a name="[45]"></a>__scatterload_rt2</STRONG> (Thumb, 44 bytes, Stack size unknown bytes, __scatter.o(!!!scatter), UNUSED)
<BR><BR>[Calls]<UL><LI><a href="#[44]">&gt;&gt;</a>&nbsp;&nbsp;&nbsp;__rt_entry
</UL>

<P><STRONG><a name="[5d]"></a>__scatterload_rt2_thumb_only</STRONG> (Thumb, 0 bytes, Stack size unknown bytes, __scatter.o(!!!scatter), UNUSED)

<P><STRONG><a name="[5e]"></a>__scatterload_null</STRONG> (Thumb, 0 bytes, Stack size unknown bytes, __scatter.o(!!!scatter), UNUSED)

<P><STRONG><a name="[46]"></a>__scatterload_copy</STRONG> (Thumb, 26 bytes, Stack size unknown bytes, __scatter_copy.o(!!handler_copy), UNUSED)
<BR><BR>[Calls]<UL><LI><a href="#[46]">&gt;&gt;</a>&nbsp;&nbsp;&nbsp;__scatterload_copy
</UL>
<BR>[Called By]<UL><LI><a href="#[46]">&gt;&gt;</a>&nbsp;&nbsp;&nbsp;__scatterload_copy
</UL>

<P><STRONG><a name="[5f]"></a>__scatterload_zeroinit</STRONG> (Thumb, 28 bytes, Stack size unknown bytes, __scatter_zi.o(!!handler_zi), UNUSED)

<P><STRONG><a name="[4c]"></a>__rt_lib_init</STRONG> (Thumb, 0 bytes, Stack size unknown bytes, libinit.o(.ARM.Collect$$libinit$$00000000))
<BR><BR>[Called By]<UL><LI><a href="#[4b]">&gt;&gt;</a>&nbsp;&nbsp;&nbsp;__rt_entry_li
</UL>

<P><STRONG><a name="[47]"></a>__rt_lib_init_fp_1</STRONG> (Thumb, 0 bytes, Stack size unknown bytes, libinit2.o(.ARM.Collect$$libinit$$00000001))
<BR><BR>[Calls]<UL><LI><a href="#[48]">&gt;&gt;</a>&nbsp;&nbsp;&nbsp;_fp_init
</UL>

<P><STRONG><a name="[60]"></a>__rt_lib_init_alloca_1</STRONG> (Thumb, 0 bytes, Stack size unknown bytes, libinit2.o(.ARM.Collect$$libinit$$0000002E))

<P><STRONG><a name="[61]"></a>__rt_lib_init_argv_1</STRONG> (Thumb, 0 bytes, Stack size unknown bytes, libinit2.o(.ARM.Collect$$libinit$$0000002C))

<P><STRONG><a name="[62]"></a>__rt_lib_init_atexit_1</STRONG> (Thumb, 0 bytes, Stack size unknown bytes, libinit2.o(.ARM.Collect$$libinit$$0000001B))

<P><STRONG><a name="[63]"></a>__rt_lib_init_clock_1</STRONG> (Thumb, 0 bytes, Stack size unknown bytes, libinit2.o(.ARM.Collect$$libinit$$00000021))

<P><STRONG><a name="[64]"></a>__rt_lib_init_cpp_1</STRONG> (Thumb, 0 bytes, Stack size unknown bytes, libinit2.o(.ARM.Collect$$libinit$$00000032))

<P><STRONG><a name="[65]"></a>__rt_lib_init_exceptions_1</STRONG> (Thumb, 0 bytes, Stack size unknown bytes, libinit2.o(.ARM.Collect$$libinit$$00000030))

<P><STRONG><a name="[66]"></a>__rt_lib_init_fp_trap_1</STRONG> (Thumb, 0 bytes, Stack size unknown bytes, libinit2.o(.ARM.Collect$$libinit$$0000001F))

<P><STRONG><a name="[67]"></a>__rt_lib_init_getenv_1</STRONG> (Thumb, 0 bytes, Stack size unknown bytes, libinit2.o(.ARM.Collect$$libinit$$00000023))

<P><STRONG><a name="[68]"></a>__rt_lib_init_heap_1</STRONG> (Thumb, 0 bytes, Stack size unknown bytes, libinit2.o(.ARM.Collect$$libinit$$0000000A))

<P><STRONG><a name="[69]"></a>__rt_lib_init_lc_collate_1</STRONG> (Thumb, 0 bytes, Stack size unknown bytes, libinit2.o(.ARM.Collect$$libinit$$00000011))

<P><STRONG><a name="[6a]"></a>__rt_lib_init_lc_ctype_1</STRONG> (Thumb, 0 bytes, Stack size unknown bytes, libinit2.o(.ARM.Collect$$libinit$$00000013))

<P><STRONG><a name="[6b]"></a>__rt_lib_init_lc_monetary_1</STRONG> (Thumb, 0 bytes, Stack size unknown bytes, libinit2.o(.ARM.Collect$$libinit$$00000015))

<P><STRONG><a name="[6c]"></a>__rt_lib_init_lc_numeric_1</STRONG> (Thumb, 0 bytes, Stack size unknown bytes, libinit2.o(.ARM.Collect$$libinit$$00000017))

<P><STRONG><a name="[6d]"></a>__rt_lib_init_lc_time_1</STRONG> (Thumb, 0 bytes, Stack size unknown bytes, libinit2.o(.ARM.Collect$$libinit$$00000019))

<P><STRONG><a name="[6e]"></a>__rt_lib_init_preinit_1</STRONG> (Thumb, 0 bytes, Stack size unknown bytes, libinit2.o(.ARM.Collect$$libinit$$00000004))

<P><STRONG><a name="[6f]"></a>__rt_lib_init_rand_1</STRONG> (Thumb, 0 bytes, Stack size unknown bytes, libinit2.o(.ARM.Collect$$libinit$$0000000E))

<P><STRONG><a name="[70]"></a>__rt_lib_init_return</STRONG> (Thumb, 0 bytes, Stack size unknown bytes, libinit2.o(.ARM.Collect$$libinit$$00000033))

<P><STRONG><a name="[71]"></a>__rt_lib_init_signal_1</STRONG> (Thumb, 0 bytes, Stack size unknown bytes, libinit2.o(.ARM.Collect$$libinit$$0000001D))

<P><STRONG><a name="[72]"></a>__rt_lib_init_stdio_1</STRONG> (Thumb, 0 bytes, Stack size unknown bytes, libinit2.o(.ARM.Collect$$libinit$$00000025))

<P><STRONG><a name="[73]"></a>__rt_lib_init_user_alloc_1</STRONG> (Thumb, 0 bytes, Stack size unknown bytes, libinit2.o(.ARM.Collect$$libinit$$0000000C))

<P><STRONG><a name="[51]"></a>__rt_lib_shutdown</STRONG> (Thumb, 0 bytes, Stack size unknown bytes, libshutdown.o(.ARM.Collect$$libshutdown$$00000000))
<BR><BR>[Called By]<UL><LI><a href="#[50]">&gt;&gt;</a>&nbsp;&nbsp;&nbsp;__rt_exit_ls
</UL>

<P><STRONG><a name="[74]"></a>__rt_lib_shutdown_cpp_1</STRONG> (Thumb, 0 bytes, Stack size unknown bytes, libshutdown2.o(.ARM.Collect$$libshutdown$$00000002))

<P><STRONG><a name="[75]"></a>__rt_lib_shutdown_fp_trap_1</STRONG> (Thumb, 0 bytes, Stack size unknown bytes, libshutdown2.o(.ARM.Collect$$libshutdown$$00000007))

<P><STRONG><a name="[76]"></a>__rt_lib_shutdown_heap_1</STRONG> (Thumb, 0 bytes, Stack size unknown bytes, libshutdown2.o(.ARM.Collect$$libshutdown$$0000000F))

<P><STRONG><a name="[77]"></a>__rt_lib_shutdown_return</STRONG> (Thumb, 0 bytes, Stack size unknown bytes, libshutdown2.o(.ARM.Collect$$libshutdown$$00000010))

<P><STRONG><a name="[78]"></a>__rt_lib_shutdown_signal_1</STRONG> (Thumb, 0 bytes, Stack size unknown bytes, libshutdown2.o(.ARM.Collect$$libshutdown$$0000000A))

<P><STRONG><a name="[79]"></a>__rt_lib_shutdown_stdio_1</STRONG> (Thumb, 0 bytes, Stack size unknown bytes, libshutdown2.o(.ARM.Collect$$libshutdown$$00000004))

<P><STRONG><a name="[7a]"></a>__rt_lib_shutdown_user_alloc_1</STRONG> (Thumb, 0 bytes, Stack size unknown bytes, libshutdown2.o(.ARM.Collect$$libshutdown$$0000000C))

<P><STRONG><a name="[44]"></a>__rt_entry</STRONG> (Thumb, 0 bytes, Stack size unknown bytes, __rtentry.o(.ARM.Collect$$rtentry$$00000000))
<BR><BR>[Called By]<UL><LI><a href="#[45]">&gt;&gt;</a>&nbsp;&nbsp;&nbsp;__scatterload_rt2
<LI><a href="#[41]">&gt;&gt;</a>&nbsp;&nbsp;&nbsp;__main
</UL>

<P><STRONG><a name="[7b]"></a>__rt_entry_presh_1</STRONG> (Thumb, 0 bytes, Stack size unknown bytes, __rtentry2.o(.ARM.Collect$$rtentry$$00000002))

<P><STRONG><a name="[49]"></a>__rt_entry_sh</STRONG> (Thumb, 0 bytes, Stack size unknown bytes, __rtentry4.o(.ARM.Collect$$rtentry$$00000004))
<BR><BR>[Stack]<UL><LI>Max Depth = 8 + Unknown Stack Size
<LI>Call Chain = __rt_entry_sh &rArr; __user_setup_stackheap
</UL>
<BR>[Calls]<UL><LI><a href="#[4a]">&gt;&gt;</a>&nbsp;&nbsp;&nbsp;__user_setup_stackheap
</UL>

<P><STRONG><a name="[4b]"></a>__rt_entry_li</STRONG> (Thumb, 0 bytes, Stack size unknown bytes, __rtentry2.o(.ARM.Collect$$rtentry$$0000000A))
<BR><BR>[Calls]<UL><LI><a href="#[4c]">&gt;&gt;</a>&nbsp;&nbsp;&nbsp;__rt_lib_init
</UL>

<P><STRONG><a name="[7c]"></a>__rt_entry_postsh_1</STRONG> (Thumb, 0 bytes, Stack size unknown bytes, __rtentry2.o(.ARM.Collect$$rtentry$$00000009))

<P><STRONG><a name="[4d]"></a>__rt_entry_main</STRONG> (Thumb, 0 bytes, Stack size unknown bytes, __rtentry2.o(.ARM.Collect$$rtentry$$0000000D))
<BR><BR>[Stack]<UL><LI>Max Depth = 32 + Unknown Stack Size
<LI>Call Chain = __rt_entry_main &rArr; main &rArr; GPIO_Init
</UL>
<BR>[Calls]<UL><LI><a href="#[4e]">&gt;&gt;</a>&nbsp;&nbsp;&nbsp;main
<LI><a href="#[4f]">&gt;&gt;</a>&nbsp;&nbsp;&nbsp;exit
</UL>

<P><STRONG><a name="[7d]"></a>__rt_entry_postli_1</STRONG> (Thumb, 0 bytes, Stack size unknown bytes, __rtentry2.o(.ARM.Collect$$rtentry$$0000000C))

<P><STRONG><a name="[55]"></a>__rt_exit</STRONG> (Thumb, 0 bytes, Stack size unknown bytes, rtexit.o(.ARM.Collect$$rtexit$$00000000))
<BR><BR>[Called By]<UL><LI><a href="#[4f]">&gt;&gt;</a>&nbsp;&nbsp;&nbsp;exit
</UL>

<P><STRONG><a name="[50]"></a>__rt_exit_ls</STRONG> (Thumb, 0 bytes, Stack size unknown bytes, rtexit2.o(.ARM.Collect$$rtexit$$00000003))
<BR><BR>[Calls]<UL><LI><a href="#[51]">&gt;&gt;</a>&nbsp;&nbsp;&nbsp;__rt_lib_shutdown
</UL>

<P><STRONG><a name="[7e]"></a>__rt_exit_prels_1</STRONG> (Thumb, 0 bytes, Stack size unknown bytes, rtexit2.o(.ARM.Collect$$rtexit$$00000002))

<P><STRONG><a name="[52]"></a>__rt_exit_exit</STRONG> (Thumb, 0 bytes, Stack size unknown bytes, rtexit2.o(.ARM.Collect$$rtexit$$00000004))
<BR><BR>[Calls]<UL><LI><a href="#[53]">&gt;&gt;</a>&nbsp;&nbsp;&nbsp;_sys_exit
</UL>

<P><STRONG><a name="[40]"></a>Reset_Handler</STRONG> (Thumb, 8 bytes, Stack size 0 bytes, startup_stm32f334x8.o(.text))

<P><STRONG><a name="[3]"></a>NMI_Handler</STRONG> (Thumb, 2 bytes, Stack size 0 bytes, startup_stm32f334x8.o(.text))
<BR><BR>[Calls]<UL><LI><a href="#[3]">&gt;&gt;</a>&nbsp;&nbsp;&nbsp;NMI_Handler
</UL>
<BR>[Called By]<UL><LI><a href="#[3]">&gt;&gt;</a>&nbsp;&nbsp;&nbsp;NMI_Handler
</UL>
<BR>[Address Reference Count : 1]<UL><LI> startup_stm32f334x8.o(RESET)
</UL>
<P><STRONG><a name="[4]"></a>HardFault_Handler</STRONG> (Thumb, 2 bytes, Stack size 0 bytes, startup_stm32f334x8.o(.text))
<BR><BR>[Calls]<UL><LI><a href="#[4]">&gt;&gt;</a>&nbsp;&nbsp;&nbsp;HardFault_Handler
</UL>
<BR>[Called By]<UL><LI><a href="#[4]">&gt;&gt;</a>&nbsp;&nbsp;&nbsp;HardFault_Handler
</UL>
<BR>[Address Reference Count : 1]<UL><LI> startup_stm32f334x8.o(RESET)
</UL>
<P><STRONG><a name="[5]"></a>MemManage_Handler</STRONG> (Thumb, 2 bytes, Stack size 0 bytes, startup_stm32f334x8.o(.text))
<BR><BR>[Calls]<UL><LI><a href="#[5]">&gt;&gt;</a>&nbsp;&nbsp;&nbsp;MemManage_Handler
</UL>
<BR>[Called By]<UL><LI><a href="#[5]">&gt;&gt;</a>&nbsp;&nbsp;&nbsp;MemManage_Handler
</UL>
<BR>[Address Reference Count : 1]<UL><LI> startup_stm32f334x8.o(RESET)
</UL>
<P><STRONG><a name="[6]"></a>BusFault_Handler</STRONG> (Thumb, 2 bytes, Stack size 0 bytes, startup_stm32f334x8.o(.text))
<BR><BR>[Calls]<UL><LI><a href="#[6]">&gt;&gt;</a>&nbsp;&nbsp;&nbsp;BusFault_Handler
</UL>
<BR>[Called By]<UL><LI><a href="#[6]">&gt;&gt;</a>&nbsp;&nbsp;&nbsp;BusFault_Handler
</UL>
<BR>[Address Reference Count : 1]<UL><LI> startup_stm32f334x8.o(RESET)
</UL>
<P><STRONG><a name="[7]"></a>UsageFault_Handler</STRONG> (Thumb, 2 bytes, Stack size 0 bytes, startup_stm32f334x8.o(.text))
<BR><BR>[Calls]<UL><LI><a href="#[7]">&gt;&gt;</a>&nbsp;&nbsp;&nbsp;UsageFault_Handler
</UL>
<BR>[Called By]<UL><LI><a href="#[7]">&gt;&gt;</a>&nbsp;&nbsp;&nbsp;UsageFault_Handler
</UL>
<BR>[Address Reference Count : 1]<UL><LI> startup_stm32f334x8.o(RESET)
</UL>
<P><STRONG><a name="[8]"></a>SVC_Handler</STRONG> (Thumb, 2 bytes, Stack size 0 bytes, startup_stm32f334x8.o(.text))
<BR><BR>[Calls]<UL><LI><a href="#[8]">&gt;&gt;</a>&nbsp;&nbsp;&nbsp;SVC_Handler
</UL>
<BR>[Called By]<UL><LI><a href="#[8]">&gt;&gt;</a>&nbsp;&nbsp;&nbsp;SVC_Handler
</UL>
<BR>[Address Reference Count : 1]<UL><LI> startup_stm32f334x8.o(RESET)
</UL>
<P><STRONG><a name="[9]"></a>DebugMon_Handler</STRONG> (Thumb, 2 bytes, Stack size 0 bytes, startup_stm32f334x8.o(.text))
<BR><BR>[Calls]<UL><LI><a href="#[9]">&gt;&gt;</a>&nbsp;&nbsp;&nbsp;DebugMon_Handler
</UL>
<BR>[Called By]<UL><LI><a href="#[9]">&gt;&gt;</a>&nbsp;&nbsp;&nbsp;DebugMon_Handler
</UL>
<BR>[Address Reference Count : 1]<UL><LI> startup_stm32f334x8.o(RESET)
</UL>
<P><STRONG><a name="[a]"></a>PendSV_Handler</STRONG> (Thumb, 2 bytes, Stack size 0 bytes, startup_stm32f334x8.o(.text))
<BR><BR>[Calls]<UL><LI><a href="#[a]">&gt;&gt;</a>&nbsp;&nbsp;&nbsp;PendSV_Handler
</UL>
<BR>[Called By]<UL><LI><a href="#[a]">&gt;&gt;</a>&nbsp;&nbsp;&nbsp;PendSV_Handler
</UL>
<BR>[Address Reference Count : 1]<UL><LI> startup_stm32f334x8.o(RESET)
</UL>
<P><STRONG><a name="[b]"></a>SysTick_Handler</STRONG> (Thumb, 2 bytes, Stack size 0 bytes, startup_stm32f334x8.o(.text))
<BR><BR>[Calls]<UL><LI><a href="#[b]">&gt;&gt;</a>&nbsp;&nbsp;&nbsp;SysTick_Handler
</UL>
<BR>[Called By]<UL><LI><a href="#[b]">&gt;&gt;</a>&nbsp;&nbsp;&nbsp;SysTick_Handler
</UL>
<BR>[Address Reference Count : 1]<UL><LI> startup_stm32f334x8.o(RESET)
</UL>
<P><STRONG><a name="[1e]"></a>ADC1_2_IRQHandler</STRONG> (Thumb, 0 bytes, Stack size 0 bytes, startup_stm32f334x8.o(.text))
<BR><BR>[Calls]<UL><LI><a href="#[1e]">&gt;&gt;</a>&nbsp;&nbsp;&nbsp;ADC1_2_IRQHandler
</UL>
<BR>[Called By]<UL><LI><a href="#[1e]">&gt;&gt;</a>&nbsp;&nbsp;&nbsp;ADC1_2_IRQHandler
</UL>
<BR>[Address Reference Count : 1]<UL><LI> startup_stm32f334x8.o(RESET)
</UL>
<P><STRONG><a name="[20]"></a>CAN1_RX0_IRQHandler</STRONG> (Thumb, 0 bytes, Stack size 0 bytes, startup_stm32f334x8.o(.text))
<BR>[Address Reference Count : 1]<UL><LI> startup_stm32f334x8.o(RESET)
</UL>
<P><STRONG><a name="[21]"></a>CAN1_RX1_IRQHandler</STRONG> (Thumb, 0 bytes, Stack size 0 bytes, startup_stm32f334x8.o(.text))
<BR>[Address Reference Count : 1]<UL><LI> startup_stm32f334x8.o(RESET)
</UL>
<P><STRONG><a name="[22]"></a>CAN1_SCE_IRQHandler</STRONG> (Thumb, 0 bytes, Stack size 0 bytes, startup_stm32f334x8.o(.text))
<BR>[Address Reference Count : 1]<UL><LI> startup_stm32f334x8.o(RESET)
</UL>
<P><STRONG><a name="[1f]"></a>CAN1_TX_IRQHandler</STRONG> (Thumb, 0 bytes, Stack size 0 bytes, startup_stm32f334x8.o(.text))
<BR>[Address Reference Count : 1]<UL><LI> startup_stm32f334x8.o(RESET)
</UL>
<P><STRONG><a name="[34]"></a>COMP2_IRQHandler</STRONG> (Thumb, 0 bytes, Stack size 0 bytes, startup_stm32f334x8.o(.text))
<BR>[Address Reference Count : 1]<UL><LI> startup_stm32f334x8.o(RESET)
</UL>
<P><STRONG><a name="[35]"></a>COMP4_6_IRQHandler</STRONG> (Thumb, 0 bytes, Stack size 0 bytes, startup_stm32f334x8.o(.text))
<BR>[Address Reference Count : 1]<UL><LI> startup_stm32f334x8.o(RESET)
</UL>
<P><STRONG><a name="[17]"></a>DMA1_Channel1_IRQHandler</STRONG> (Thumb, 0 bytes, Stack size 0 bytes, startup_stm32f334x8.o(.text))
<BR>[Address Reference Count : 1]<UL><LI> startup_stm32f334x8.o(RESET)
</UL>
<P><STRONG><a name="[18]"></a>DMA1_Channel2_IRQHandler</STRONG> (Thumb, 0 bytes, Stack size 0 bytes, startup_stm32f334x8.o(.text))
<BR>[Address Reference Count : 1]<UL><LI> startup_stm32f334x8.o(RESET)
</UL>
<P><STRONG><a name="[19]"></a>DMA1_Channel3_IRQHandler</STRONG> (Thumb, 0 bytes, Stack size 0 bytes, startup_stm32f334x8.o(.text))
<BR>[Address Reference Count : 1]<UL><LI> startup_stm32f334x8.o(RESET)
</UL>
<P><STRONG><a name="[1a]"></a>DMA1_Channel4_IRQHandler</STRONG> (Thumb, 0 bytes, Stack size 0 bytes, startup_stm32f334x8.o(.text))
<BR>[Address Reference Count : 1]<UL><LI> startup_stm32f334x8.o(RESET)
</UL>
<P><STRONG><a name="[1b]"></a>DMA1_Channel5_IRQHandler</STRONG> (Thumb, 0 bytes, Stack size 0 bytes, startup_stm32f334x8.o(.text))
<BR>[Address Reference Count : 1]<UL><LI> startup_stm32f334x8.o(RESET)
</UL>
<P><STRONG><a name="[1c]"></a>DMA1_Channel6_IRQHandler</STRONG> (Thumb, 0 bytes, Stack size 0 bytes, startup_stm32f334x8.o(.text))
<BR>[Address Reference Count : 1]<UL><LI> startup_stm32f334x8.o(RESET)
</UL>
<P><STRONG><a name="[1d]"></a>DMA1_Channel7_IRQHandler</STRONG> (Thumb, 0 bytes, Stack size 0 bytes, startup_stm32f334x8.o(.text))
<BR>[Address Reference Count : 1]<UL><LI> startup_stm32f334x8.o(RESET)
</UL>
<P><STRONG><a name="[12]"></a>EXTI0_IRQHandler</STRONG> (Thumb, 0 bytes, Stack size 0 bytes, startup_stm32f334x8.o(.text))
<BR>[Address Reference Count : 1]<UL><LI> startup_stm32f334x8.o(RESET)
</UL>
<P><STRONG><a name="[30]"></a>EXTI15_10_IRQHandler</STRONG> (Thumb, 0 bytes, Stack size 0 bytes, startup_stm32f334x8.o(.text))
<BR>[Address Reference Count : 1]<UL><LI> startup_stm32f334x8.o(RESET)
</UL>
<P><STRONG><a name="[13]"></a>EXTI1_IRQHandler</STRONG> (Thumb, 0 bytes, Stack size 0 bytes, startup_stm32f334x8.o(.text))
<BR>[Address Reference Count : 1]<UL><LI> startup_stm32f334x8.o(RESET)
</UL>
<P><STRONG><a name="[14]"></a>EXTI2_TS_IRQHandler</STRONG> (Thumb, 0 bytes, Stack size 0 bytes, startup_stm32f334x8.o(.text))
<BR>[Address Reference Count : 1]<UL><LI> startup_stm32f334x8.o(RESET)
</UL>
<P><STRONG><a name="[15]"></a>EXTI3_IRQHandler</STRONG> (Thumb, 0 bytes, Stack size 0 bytes, startup_stm32f334x8.o(.text))
<BR>[Address Reference Count : 1]<UL><LI> startup_stm32f334x8.o(RESET)
</UL>
<P><STRONG><a name="[16]"></a>EXTI4_IRQHandler</STRONG> (Thumb, 0 bytes, Stack size 0 bytes, startup_stm32f334x8.o(.text))
<BR>[Address Reference Count : 1]<UL><LI> startup_stm32f334x8.o(RESET)
</UL>
<P><STRONG><a name="[23]"></a>EXTI9_5_IRQHandler</STRONG> (Thumb, 0 bytes, Stack size 0 bytes, startup_stm32f334x8.o(.text))
<BR>[Address Reference Count : 1]<UL><LI> startup_stm32f334x8.o(RESET)
</UL>
<P><STRONG><a name="[10]"></a>FLASH_IRQHandler</STRONG> (Thumb, 0 bytes, Stack size 0 bytes, startup_stm32f334x8.o(.text))
<BR>[Address Reference Count : 1]<UL><LI> startup_stm32f334x8.o(RESET)
</UL>
<P><STRONG><a name="[3d]"></a>FPU_IRQHandler</STRONG> (Thumb, 0 bytes, Stack size 0 bytes, startup_stm32f334x8.o(.text))
<BR>[Address Reference Count : 1]<UL><LI> startup_stm32f334x8.o(RESET)
</UL>
<P><STRONG><a name="[3c]"></a>HRTIM1_FLT_IRQHandler</STRONG> (Thumb, 0 bytes, Stack size 0 bytes, startup_stm32f334x8.o(.text))
<BR>[Address Reference Count : 1]<UL><LI> startup_stm32f334x8.o(RESET)
</UL>
<P><STRONG><a name="[36]"></a>HRTIM1_Master_IRQHandler</STRONG> (Thumb, 0 bytes, Stack size 0 bytes, startup_stm32f334x8.o(.text))
<BR>[Address Reference Count : 1]<UL><LI> startup_stm32f334x8.o(RESET)
</UL>
<P><STRONG><a name="[37]"></a>HRTIM1_TIMA_IRQHandler</STRONG> (Thumb, 0 bytes, Stack size 0 bytes, startup_stm32f334x8.o(.text))
<BR>[Address Reference Count : 1]<UL><LI> startup_stm32f334x8.o(RESET)
</UL>
<P><STRONG><a name="[38]"></a>HRTIM1_TIMB_IRQHandler</STRONG> (Thumb, 0 bytes, Stack size 0 bytes, startup_stm32f334x8.o(.text))
<BR>[Address Reference Count : 1]<UL><LI> startup_stm32f334x8.o(RESET)
</UL>
<P><STRONG><a name="[39]"></a>HRTIM1_TIMC_IRQHandler</STRONG> (Thumb, 0 bytes, Stack size 0 bytes, startup_stm32f334x8.o(.text))
<BR>[Address Reference Count : 1]<UL><LI> startup_stm32f334x8.o(RESET)
</UL>
<P><STRONG><a name="[3a]"></a>HRTIM1_TIMD_IRQHandler</STRONG> (Thumb, 0 bytes, Stack size 0 bytes, startup_stm32f334x8.o(.text))
<BR>[Address Reference Count : 1]<UL><LI> startup_stm32f334x8.o(RESET)
</UL>
<P><STRONG><a name="[3b]"></a>HRTIM1_TIME_IRQHandler</STRONG> (Thumb, 0 bytes, Stack size 0 bytes, startup_stm32f334x8.o(.text))
<BR>[Address Reference Count : 1]<UL><LI> startup_stm32f334x8.o(RESET)
</UL>
<P><STRONG><a name="[2b]"></a>I2C1_ER_IRQHandler</STRONG> (Thumb, 0 bytes, Stack size 0 bytes, startup_stm32f334x8.o(.text))
<BR>[Address Reference Count : 1]<UL><LI> startup_stm32f334x8.o(RESET)
</UL>
<P><STRONG><a name="[2a]"></a>I2C1_EV_IRQHandler</STRONG> (Thumb, 0 bytes, Stack size 0 bytes, startup_stm32f334x8.o(.text))
<BR>[Address Reference Count : 1]<UL><LI> startup_stm32f334x8.o(RESET)
</UL>
<P><STRONG><a name="[d]"></a>PVD_IRQHandler</STRONG> (Thumb, 0 bytes, Stack size 0 bytes, startup_stm32f334x8.o(.text))
<BR>[Address Reference Count : 1]<UL><LI> startup_stm32f334x8.o(RESET)
</UL>
<P><STRONG><a name="[11]"></a>RCC_IRQHandler</STRONG> (Thumb, 0 bytes, Stack size 0 bytes, startup_stm32f334x8.o(.text))
<BR>[Address Reference Count : 1]<UL><LI> startup_stm32f334x8.o(RESET)
</UL>
<P><STRONG><a name="[31]"></a>RTC_Alarm_IRQHandler</STRONG> (Thumb, 0 bytes, Stack size 0 bytes, startup_stm32f334x8.o(.text))
<BR>[Address Reference Count : 1]<UL><LI> startup_stm32f334x8.o(RESET)
</UL>
<P><STRONG><a name="[f]"></a>RTC_WKUP_IRQHandler</STRONG> (Thumb, 0 bytes, Stack size 0 bytes, startup_stm32f334x8.o(.text))
<BR>[Address Reference Count : 1]<UL><LI> startup_stm32f334x8.o(RESET)
</UL>
<P><STRONG><a name="[2c]"></a>SPI1_IRQHandler</STRONG> (Thumb, 0 bytes, Stack size 0 bytes, startup_stm32f334x8.o(.text))
<BR>[Address Reference Count : 1]<UL><LI> startup_stm32f334x8.o(RESET)
</UL>
<P><STRONG><a name="[e]"></a>TAMPER_STAMP_IRQHandler</STRONG> (Thumb, 0 bytes, Stack size 0 bytes, startup_stm32f334x8.o(.text))
<BR>[Address Reference Count : 1]<UL><LI> startup_stm32f334x8.o(RESET)
</UL>
<P><STRONG><a name="[24]"></a>TIM1_BRK_TIM15_IRQHandler</STRONG> (Thumb, 0 bytes, Stack size 0 bytes, startup_stm32f334x8.o(.text))
<BR>[Address Reference Count : 1]<UL><LI> startup_stm32f334x8.o(RESET)
</UL>
<P><STRONG><a name="[27]"></a>TIM1_CC_IRQHandler</STRONG> (Thumb, 0 bytes, Stack size 0 bytes, startup_stm32f334x8.o(.text))
<BR>[Address Reference Count : 1]<UL><LI> startup_stm32f334x8.o(RESET)
</UL>
<P><STRONG><a name="[26]"></a>TIM1_TRG_COM_TIM17_IRQHandler</STRONG> (Thumb, 0 bytes, Stack size 0 bytes, startup_stm32f334x8.o(.text))
<BR>[Address Reference Count : 1]<UL><LI> startup_stm32f334x8.o(RESET)
</UL>
<P><STRONG><a name="[25]"></a>TIM1_UP_TIM16_IRQHandler</STRONG> (Thumb, 0 bytes, Stack size 0 bytes, startup_stm32f334x8.o(.text))
<BR>[Address Reference Count : 1]<UL><LI> startup_stm32f334x8.o(RESET)
</UL>
<P><STRONG><a name="[28]"></a>TIM2_IRQHandler</STRONG> (Thumb, 0 bytes, Stack size 0 bytes, startup_stm32f334x8.o(.text))
<BR>[Address Reference Count : 1]<UL><LI> startup_stm32f334x8.o(RESET)
</UL>
<P><STRONG><a name="[29]"></a>TIM3_IRQHandler</STRONG> (Thumb, 0 bytes, Stack size 0 bytes, startup_stm32f334x8.o(.text))
<BR>[Address Reference Count : 1]<UL><LI> startup_stm32f334x8.o(RESET)
</UL>
<P><STRONG><a name="[32]"></a>TIM6_DAC1_IRQHandler</STRONG> (Thumb, 0 bytes, Stack size 0 bytes, startup_stm32f334x8.o(.text))
<BR>[Address Reference Count : 1]<UL><LI> startup_stm32f334x8.o(RESET)
</UL>
<P><STRONG><a name="[33]"></a>TIM7_DAC2_IRQHandler</STRONG> (Thumb, 0 bytes, Stack size 0 bytes, startup_stm32f334x8.o(.text))
<BR>[Address Reference Count : 1]<UL><LI> startup_stm32f334x8.o(RESET)
</UL>
<P><STRONG><a name="[2d]"></a>USART1_IRQHandler</STRONG> (Thumb, 0 bytes, Stack size 0 bytes, startup_stm32f334x8.o(.text))
<BR>[Address Reference Count : 1]<UL><LI> startup_stm32f334x8.o(RESET)
</UL>
<P><STRONG><a name="[2e]"></a>USART2_IRQHandler</STRONG> (Thumb, 0 bytes, Stack size 0 bytes, startup_stm32f334x8.o(.text))
<BR>[Address Reference Count : 1]<UL><LI> startup_stm32f334x8.o(RESET)
</UL>
<P><STRONG><a name="[2f]"></a>USART3_IRQHandler</STRONG> (Thumb, 0 bytes, Stack size 0 bytes, startup_stm32f334x8.o(.text))
<BR>[Address Reference Count : 1]<UL><LI> startup_stm32f334x8.o(RESET)
</UL>
<P><STRONG><a name="[c]"></a>WWDG_IRQHandler</STRONG> (Thumb, 0 bytes, Stack size 0 bytes, startup_stm32f334x8.o(.text))
<BR>[Address Reference Count : 1]<UL><LI> startup_stm32f334x8.o(RESET)
</UL>
<P><STRONG><a name="[42]"></a>__user_initial_stackheap</STRONG> (Thumb, 0 bytes, Stack size unknown bytes, startup_stm32f334x8.o(.text))
<BR><BR>[Called By]<UL><LI><a href="#[4a]">&gt;&gt;</a>&nbsp;&nbsp;&nbsp;__user_setup_stackheap
</UL>

<P><STRONG><a name="[7f]"></a>__use_two_region_memory</STRONG> (Thumb, 2 bytes, Stack size 0 bytes, heapauxi.o(.text), UNUSED)

<P><STRONG><a name="[80]"></a>__rt_heap_escrow$2region</STRONG> (Thumb, 2 bytes, Stack size 0 bytes, heapauxi.o(.text), UNUSED)

<P><STRONG><a name="[81]"></a>__rt_heap_expand$2region</STRONG> (Thumb, 2 bytes, Stack size 0 bytes, heapauxi.o(.text), UNUSED)

<P><STRONG><a name="[4a]"></a>__user_setup_stackheap</STRONG> (Thumb, 74 bytes, Stack size 8 bytes, sys_stackheap_outer.o(.text))
<BR><BR>[Stack]<UL><LI>Max Depth = 8 + Unknown Stack Size
<LI>Call Chain = __user_setup_stackheap
</UL>
<BR>[Calls]<UL><LI><a href="#[42]">&gt;&gt;</a>&nbsp;&nbsp;&nbsp;__user_initial_stackheap
<LI><a href="#[54]">&gt;&gt;</a>&nbsp;&nbsp;&nbsp;__user_perproc_libspace
</UL>
<BR>[Called By]<UL><LI><a href="#[49]">&gt;&gt;</a>&nbsp;&nbsp;&nbsp;__rt_entry_sh
</UL>

<P><STRONG><a name="[4f]"></a>exit</STRONG> (Thumb, 18 bytes, Stack size 8 bytes, exit.o(.text))
<BR><BR>[Stack]<UL><LI>Max Depth = 8 + Unknown Stack Size
<LI>Call Chain = exit
</UL>
<BR>[Calls]<UL><LI><a href="#[55]">&gt;&gt;</a>&nbsp;&nbsp;&nbsp;__rt_exit
</UL>
<BR>[Called By]<UL><LI><a href="#[4d]">&gt;&gt;</a>&nbsp;&nbsp;&nbsp;__rt_entry_main
</UL>

<P><STRONG><a name="[82]"></a>__user_libspace</STRONG> (Thumb, 8 bytes, Stack size 0 bytes, libspace.o(.text), UNUSED)

<P><STRONG><a name="[54]"></a>__user_perproc_libspace</STRONG> (Thumb, 0 bytes, Stack size 0 bytes, libspace.o(.text))
<BR><BR>[Called By]<UL><LI><a href="#[4a]">&gt;&gt;</a>&nbsp;&nbsp;&nbsp;__user_setup_stackheap
</UL>

<P><STRONG><a name="[83]"></a>__user_perthread_libspace</STRONG> (Thumb, 0 bytes, Stack size 0 bytes, libspace.o(.text), UNUSED)

<P><STRONG><a name="[53]"></a>_sys_exit</STRONG> (Thumb, 8 bytes, Stack size 0 bytes, sys_exit.o(.text))
<BR><BR>[Called By]<UL><LI><a href="#[52]">&gt;&gt;</a>&nbsp;&nbsp;&nbsp;__rt_exit_exit
</UL>

<P><STRONG><a name="[84]"></a>__I$use$semihosting</STRONG> (Thumb, 0 bytes, Stack size 0 bytes, use_no_semi.o(.text), UNUSED)

<P><STRONG><a name="[85]"></a>__use_no_semihosting_swi</STRONG> (Thumb, 2 bytes, Stack size 0 bytes, use_no_semi.o(.text), UNUSED)

<P><STRONG><a name="[86]"></a>__semihosting_library_function</STRONG> (Thumb, 0 bytes, Stack size unknown bytes, indicate_semi.o(.text), UNUSED)

<P><STRONG><a name="[56]"></a>GPIO_Init</STRONG> (Thumb, 326 bytes, Stack size 32 bytes, stm32f30x_gpio.o(i.GPIO_Init))
<BR><BR>[Stack]<UL><LI>Max Depth = 32<LI>Call Chain = GPIO_Init
</UL>
<BR>[Calls]<UL><LI><a href="#[57]">&gt;&gt;</a>&nbsp;&nbsp;&nbsp;assert_failed
</UL>
<BR>[Called By]<UL><LI><a href="#[4e]">&gt;&gt;</a>&nbsp;&nbsp;&nbsp;main
</UL>

<P><STRONG><a name="[58]"></a>GPIO_ResetBits</STRONG> (Thumb, 84 bytes, Stack size 16 bytes, stm32f30x_gpio.o(i.GPIO_ResetBits))
<BR><BR>[Stack]<UL><LI>Max Depth = 16<LI>Call Chain = GPIO_ResetBits
</UL>
<BR>[Calls]<UL><LI><a href="#[57]">&gt;&gt;</a>&nbsp;&nbsp;&nbsp;assert_failed
</UL>
<BR>[Called By]<UL><LI><a href="#[4e]">&gt;&gt;</a>&nbsp;&nbsp;&nbsp;main
</UL>

<P><STRONG><a name="[59]"></a>GPIO_SetBits</STRONG> (Thumb, 84 bytes, Stack size 16 bytes, stm32f30x_gpio.o(i.GPIO_SetBits))
<BR><BR>[Stack]<UL><LI>Max Depth = 16<LI>Call Chain = GPIO_SetBits
</UL>
<BR>[Calls]<UL><LI><a href="#[57]">&gt;&gt;</a>&nbsp;&nbsp;&nbsp;assert_failed
</UL>
<BR>[Called By]<UL><LI><a href="#[4e]">&gt;&gt;</a>&nbsp;&nbsp;&nbsp;main
</UL>

<P><STRONG><a name="[5a]"></a>RCC_AHBPeriphClockCmd</STRONG> (Thumb, 70 bytes, Stack size 16 bytes, stm32f30x_rcc.o(i.RCC_AHBPeriphClockCmd))
<BR><BR>[Stack]<UL><LI>Max Depth = 16<LI>Call Chain = RCC_AHBPeriphClockCmd
</UL>
<BR>[Calls]<UL><LI><a href="#[57]">&gt;&gt;</a>&nbsp;&nbsp;&nbsp;assert_failed
</UL>
<BR>[Called By]<UL><LI><a href="#[4e]">&gt;&gt;</a>&nbsp;&nbsp;&nbsp;main
</UL>

<P><STRONG><a name="[3e]"></a>SystemInit</STRONG> (Thumb, 112 bytes, Stack size 8 bytes, system_stm32f30x.o(i.SystemInit))
<BR><BR>[Stack]<UL><LI>Max Depth = 20<LI>Call Chain = SystemInit &rArr; SetSysClock
</UL>
<BR>[Calls]<UL><LI><a href="#[5b]">&gt;&gt;</a>&nbsp;&nbsp;&nbsp;SetSysClock
</UL>
<BR>[Called By]<UL><LI><a href="#[4e]">&gt;&gt;</a>&nbsp;&nbsp;&nbsp;main
</UL>
<BR>[Address Reference Count : 1]<UL><LI> startup_stm32f334x8.o(.text)
</UL>
<P><STRONG><a name="[57]"></a>assert_failed</STRONG> (Thumb, 4 bytes, Stack size 0 bytes, main.o(i.assert_failed))
<BR><BR>[Called By]<UL><LI><a href="#[5a]">&gt;&gt;</a>&nbsp;&nbsp;&nbsp;RCC_AHBPeriphClockCmd
<LI><a href="#[59]">&gt;&gt;</a>&nbsp;&nbsp;&nbsp;GPIO_SetBits
<LI><a href="#[58]">&gt;&gt;</a>&nbsp;&nbsp;&nbsp;GPIO_ResetBits
<LI><a href="#[56]">&gt;&gt;</a>&nbsp;&nbsp;&nbsp;GPIO_Init
</UL>

<P><STRONG><a name="[5c]"></a>delay</STRONG> (Thumb, 14 bytes, Stack size 0 bytes, main.o(i.delay))
<BR><BR>[Called By]<UL><LI><a href="#[4e]">&gt;&gt;</a>&nbsp;&nbsp;&nbsp;main
</UL>

<P><STRONG><a name="[4e]"></a>main</STRONG> (Thumb, 78 bytes, Stack size 0 bytes, main.o(i.main))
<BR><BR>[Stack]<UL><LI>Max Depth = 32<LI>Call Chain = main &rArr; GPIO_Init
</UL>
<BR>[Calls]<UL><LI><a href="#[3e]">&gt;&gt;</a>&nbsp;&nbsp;&nbsp;SystemInit
<LI><a href="#[5a]">&gt;&gt;</a>&nbsp;&nbsp;&nbsp;RCC_AHBPeriphClockCmd
<LI><a href="#[59]">&gt;&gt;</a>&nbsp;&nbsp;&nbsp;GPIO_SetBits
<LI><a href="#[58]">&gt;&gt;</a>&nbsp;&nbsp;&nbsp;GPIO_ResetBits
<LI><a href="#[56]">&gt;&gt;</a>&nbsp;&nbsp;&nbsp;GPIO_Init
<LI><a href="#[5c]">&gt;&gt;</a>&nbsp;&nbsp;&nbsp;delay
</UL>
<BR>[Called By]<UL><LI><a href="#[4d]">&gt;&gt;</a>&nbsp;&nbsp;&nbsp;__rt_entry_main
</UL>

<P><STRONG><a name="[48]"></a>_fp_init</STRONG> (Thumb, 10 bytes, Stack size 0 bytes, fpinit.o(x$fpl$fpinit))
<BR><BR>[Called By]<UL><LI><a href="#[47]">&gt;&gt;</a>&nbsp;&nbsp;&nbsp;__rt_lib_init_fp_1
</UL>

<P><STRONG><a name="[87]"></a>__fplib_config_fpu_vfp</STRONG> (Thumb, 0 bytes, Stack size unknown bytes, fpinit.o(x$fpl$fpinit), UNUSED)

<P><STRONG><a name="[88]"></a>__fplib_config_pureend_doubles</STRONG> (Thumb, 0 bytes, Stack size unknown bytes, fpinit.o(x$fpl$fpinit), UNUSED)
<P>
<H3>
Local Symbols
</H3>
<P><STRONG><a name="[5b]"></a>SetSysClock</STRONG> (Thumb, 138 bytes, Stack size 12 bytes, system_stm32f30x.o(i.SetSysClock))
<BR><BR>[Stack]<UL><LI>Max Depth = 12<LI>Call Chain = SetSysClock
</UL>
<BR>[Called By]<UL><LI><a href="#[3e]">&gt;&gt;</a>&nbsp;&nbsp;&nbsp;SystemInit
</UL>
<P>
<H3>
Undefined Global Symbols
</H3><HR></body></html>
